[demo.themefisher.com/covtrack/africa.html]
[backblue.gif]
[fade.gif]
[index.html]
[demo.themefisher.com/covtrack/images/favicon.png]
[demo.themefisher.com/covtrack/css/style.css]
[demo.themefisher.com/covtrack/index.html]
[demo.themefisher.com/covtrack/images/logo.png]
[demo.themefisher.com/covtrack/widgets.html]
[demo.themefisher.com/covtrack/charts.html]
[demo.themefisher.com/covtrack/world.html]
[demo.themefisher.com/covtrack/asia.html]
[demo.themefisher.com/covtrack/europe.html]
[demo.themefisher.com/covtrack/australia.html]
[demo.themefisher.com/covtrack/south-america.html]
[demo.themefisher.com/covtrack/north-america.html]
[demo.themefisher.com/covtrack/vendor/jquery/jquery.min.js]
[demo.themefisher.com/covtrack/vendor/bootstrap/js/bootstrap.bundle.min.js]
[demo.themefisher.com/covtrack/vendor/vectormap/jquery.vmap.min.js]
[demo.themefisher.com/covtrack/vendor/vectormap/maps/continents/jquery.vmap.africa.js]
[demo.themefisher.com/covtrack/js/africa/africa.js]
[demo.themefisher.com/covtrack/js/scripts.js]
[demo.themefisher.com/covtrack/js/settings.js]
[demo.themefisher.com/covtrack/js/quixnav-init.js]
[demo.themefisher.com/covtrack/africa.html]
[demo.themefisher.com/covtrack/js/styleSwitcher.js]
[demo.themefisher.com/covtrack/vendor/perfect-scrollbar/perfect-scrollbar.css]
[demo.themefisher.com/covtrack/vendor/datatable/jquery.dataTables.min.css]
[demo.themefisher.com/covtrack/vendor/vectormap/jqvmap.css]
[demo.themefisher.com/covtrack/css/style.css]
[demo.themefisher.com/covtrack/icons/font-awesome/css/all.css]
[demo.themefisher.com/covtrack/images/ads/ads1.jpg]
[demo.themefisher.com/covtrack/images/ads/ads2.jpg]
[demo.themefisher.com/covtrack/vendor/perfect-scrollbar/perfect-scrollbar.min.js]
[demo.themefisher.com/covtrack/vendor/fixed-header-table/jquery.fixedheadertable.min.js]
[demo.themefisher.com/covtrack/js/plugins/fixedheadertable-init.js]
[demo.themefisher.com/covtrack/vendor/chartjs/Chart.bundle.min.js]
[demo.themefisher.com/covtrack/vendor/vectormap/jquery.vmap.world.js]
[demo.themefisher.com/covtrack/js/world/vectormap-world.js]
[demo.themefisher.com/covtrack/vendor/datatable/jquery.dataTables.min.js]
[demo.themefisher.com/covtrack/js/world/datatable.js]
[demo.themefisher.com/covtrack/js/world/dashboard.js]
[demo.themefisher.com/covtrack/index.html]
[demo.themefisher.com/covtrack/js/world/chart.js]
[demo.themefisher.com/covtrack/images/ads/ads3.jpg]
[demo.themefisher.com/covtrack/widgets.html]
[demo.themefisher.com/covtrack/js/widgets.js]
[demo.themefisher.com/covtrack/js/america/usa.js]
[demo.themefisher.com/covtrack/js/europe/spain.js]
[demo.themefisher.com/covtrack/js/europe/italy.js]
[demo.themefisher.com/covtrack/js/asia/china.js]
[demo.themefisher.com/covtrack/js/europe/france.js]
[demo.themefisher.com/covtrack/charts.html]
[demo.themefisher.com/covtrack/js/europe/germany.js]
[demo.themefisher.com/covtrack/world.html]
[demo.themefisher.com/covtrack/js/world/world.js]
[demo.themefisher.com/covtrack/vendor/vectormap/maps/continents/jquery.vmap.asia.js]
[demo.themefisher.com/covtrack/asia.html]
[demo.themefisher.com/covtrack/js/asia/asia.js]
[demo.themefisher.com/covtrack/vendor/vectormap/maps/continents/jquery.vmap.europe.js]
[demo.themefisher.com/covtrack/europe.html]
[demo.themefisher.com/covtrack/js/europe/europe.js]
[demo.themefisher.com/covtrack/vendor/vectormap/maps/continents/jquery.vmap.australia.js]
[demo.themefisher.com/covtrack/australia.html]
[demo.themefisher.com/covtrack/js/australia/australia.js]
[demo.themefisher.com/covtrack/vendor/vectormap/maps/continents/jquery.vmap.south-america.js]
[demo.themefisher.com/covtrack/south-america.html]
[demo.themefisher.com/covtrack/js/america/south-america.js]
[demo.themefisher.com/covtrack/vendor/vectormap/maps/continents/jquery.vmap.north-america.js]
[demo.themefisher.com/covtrack/north-america.html]
[demo.themefisher.com/covtrack/vendor/perfect-scrollbar/perfect-scrollbar.css]
[demo.themefisher.com/covtrack/js/america/north-america.js]
[demo.themefisher.com/covtrack/vendor/datatable/images/sort_both.png]
[demo.themefisher.com/covtrack/vendor/datatable/images/sort_asc.png]
[demo.themefisher.com/covtrack/vendor/datatable/images/sort_desc.png]
[demo.themefisher.com/covtrack/vendor/datatable/images/sort_asc_disabled.png]
[demo.themefisher.com/covtrack/vendor/datatable/images/sort_desc_disabled.png]
[demo.themefisher.com/covtrack/vendor/datatable/jquery.dataTables.min.css]
[demo.themefisher.com/covtrack/vendor/vectormap/jqvmap.css]
[demo.themefisher.com/covtrack/icons/font-awesome/webfonts/fa-brands-400d41d.eot]
[demo.themefisher.com/covtrack/icons/font-awesome/webfonts/fa-brands-400.eot]
[demo.themefisher.com/covtrack/icons/font-awesome/webfonts/fa-brands-400.woff2]
[demo.themefisher.com/covtrack/icons/font-awesome/webfonts/fa-brands-400.woff]
[demo.themefisher.com/covtrack/icons/font-awesome/webfonts/fa-brands-400.ttf]
[demo.themefisher.com/covtrack/icons/font-awesome/webfonts/fa-regular-400.eot]
[demo.themefisher.com/covtrack/icons/font-awesome/webfonts/fa-regular-400d41d.eot]
[demo.themefisher.com/covtrack/icons/font-awesome/webfonts/fa-regular-400.woff2]
[demo.themefisher.com/covtrack/icons/font-awesome/webfonts/fa-regular-400.woff]
[demo.themefisher.com/covtrack/icons/font-awesome/webfonts/fa-regular-400.ttf]
[demo.themefisher.com/covtrack/icons/font-awesome/webfonts/fa-solid-900.eot]
[demo.themefisher.com/covtrack/icons/font-awesome/webfonts/fa-regular-400.svg]
[demo.themefisher.com/covtrack/icons/font-awesome/webfonts/fa-brands-400.svg]
[demo.themefisher.com/covtrack/icons/font-awesome/webfonts/fa-solid-900.woff2]
[demo.themefisher.com/covtrack/icons/font-awesome/webfonts/fa-solid-900.woff]
[demo.themefisher.com/covtrack/icons/font-awesome/webfonts/fa-solid-900d41d.eot]
[demo.themefisher.com/covtrack/icons/font-awesome/webfonts/fa-solid-900.ttf]
[demo.themefisher.com/covtrack/icons/font-awesome/css/all.css]
[demo.themefisher.com/covtrack/vendor/fixed-header-table/jquery.fixedheadertable.min.html]
[demo.themefisher.com/covtrack/vendor/datatable/images/sort_asc_disabled.html]
[demo.themefisher.com/covtrack/vendor/datatable/images/sort_desc_disabled.html]
[demo.themefisher.com/covtrack/icons/font-awesome/webfonts/fa-brands-400.svg]
[demo.themefisher.com/covtrack/icons/font-awesome/webfonts/fa-regular-400.svg]
[demo.themefisher.com/covtrack/icons/font-awesome/webfonts/fa-solid-900.svg]
[demo.themefisher.com/covtrack/icons/font-awesome/webfonts/fa-solid-900.svg]
